Using pre-set license
Built from '2021.3/staging' branch; Version is '2021.3.22f1 (b6c551784ba3) revision 11978065'; Using compiler version '192829333'; Build Type 'Release'
OS: 'Windows 11  (10.0.22621) 64bit Core' Language: 'en' Physical Memory: 16287 MB
BatchMode: 1, IsHumanControllingUs: 0, StartBugReporterOnCrash: 0, Is64bit: 1, IsPro: 1

COMMAND LINE ARGUMENTS:
D:\AllUnity\2021.3.22f1\Editor\Unity.exe
-adb2
-batchMode
-noUpm
-name
AssetImportWorker2
-projectPath
D:/AllUnity/ShoolGame
-logFile
Logs/AssetImportWorker2.log
-srvPort
52201
Successfully changed project path to: D:/AllUnity/ShoolGame
D:/AllUnity/ShoolGame
[UnityMemory] Configuration Parameters - Can be set up in boot.config
    "memorysetup-bucket-allocator-granularity=16"
    "memorysetup-bucket-allocator-bucket-count=8"
    "memorysetup-bucket-allocator-block-size=33554432"
    "memorysetup-bucket-allocator-block-count=8"
    "memorysetup-main-allocator-block-size=16777216"
    "memorysetup-thread-allocator-block-size=16777216"
    "memorysetup-gfx-main-allocator-block-size=16777216"
    "memorysetup-gfx-thread-allocator-block-size=16777216"
    "memorysetup-cache-allocator-block-size=4194304"
    "memorysetup-typetree-allocator-block-size=2097152"
    "memorysetup-profiler-bucket-allocator-granularity=16"
    "memorysetup-profiler-bucket-allocator-bucket-count=8"
    "memorysetup-profiler-bucket-allocator-block-size=33554432"
    "memorysetup-profiler-bucket-allocator-block-count=8"
    "memorysetup-profiler-allocator-block-size=16777216"
    "memorysetup-profiler-editor-allocator-block-size=1048576"
    "memorysetup-temp-allocator-size-main=16777216"
    "memorysetup-job-temp-allocator-block-size=2097152"
    "memorysetup-job-temp-allocator-block-size-background=1048576"
    "memorysetup-job-temp-allocator-reduction-small-platforms=262144"
    "memorysetup-temp-allocator-size-background-worker=32768"
    "memorysetup-temp-allocator-size-job-worker=262144"
    "memorysetup-temp-allocator-size-preload-manager=33554432"
    "memorysetup-temp-allocator-size-nav-mesh-worker=65536"
    "memorysetup-temp-allocator-size-audio-worker=65536"
    "memorysetup-temp-allocator-size-cloud-worker=32768"
    "memorysetup-temp-allocator-size-gi-baking-worker=262144"
    "memorysetup-temp-allocator-size-gfx=262144"
Player connection [848] Host "[IP] 192.168.1.70 [Port] 0 [Flags] 2 [Guid] 2327924570 [EditorId] 2327924570 [Version] 1048832 [Id] WindowsEditor(7,Computer) [Debug] 1 [PackageName] WindowsEditor [ProjectName] Editor" joined multi-casting on [225.0.0.222:54997]...

Player connection [848] Host "[IP] 192.168.1.70 [Port] 0 [Flags] 2 [Guid] 2327924570 [EditorId] 2327924570 [Version] 1048832 [Id] WindowsEditor(7,Computer) [Debug] 1 [PackageName] WindowsEditor [ProjectName] Editor" joined alternative multi-casting on [225.0.0.222:34997]...

Refreshing native plugins compatible for Editor in 57.88 ms, found 3 plugins.
Preloading 0 native plugins for Editor in 0.00 ms.
Initialize engine version: 2021.3.22f1 (b6c551784ba3)
[Subsystems] Discovering subsystems at path D:/AllUnity/2021.3.22f1/Editor/Data/Resources/UnitySubsystems
[Subsystems] Discovering subsystems at path D:/AllUnity/ShoolGame/Assets
GfxDevice: creating device client; threaded=0; jobified=0
Direct3D:
    Version:  Direct3D 11.0 [level 11.1]
    Renderer: NVIDIA GeForce RTX 3060 (ID=0x2504)
    Vendor:   NVIDIA
    VRAM:     12129 MB
    Driver:   31.0.15.3699
Initialize mono
Mono path[0] = 'D:/AllUnity/2021.3.22f1/Editor/Data/Managed'
Mono path[1] = 'D:/AllUnity/2021.3.22f1/Editor/Data/MonoBleedingEdge/lib/mono/unityjit-win32'
Mono config path = 'D:/AllUnity/2021.3.22f1/Editor/Data/MonoBleedingEdge/etc'
Using monoOptions --debugger-agent=transport=dt_socket,embedding=1,server=y,suspend=n,address=127.0.0.1:56392
Begin MonoManager ReloadAssembly
Registering precompiled unity dll's ...
Register platform support module: D:/AllUnity/2021.3.22f1/Editor/Data/PlaybackEngines/AndroidPlayer/UnityEditor.Android.Extensions.dll
Register platform support module: D:/AllUnity/2021.3.22f1/Editor/Data/PlaybackEngines/WindowsStandaloneSupport/UnityEditor.WindowsStandalone.Extensions.dll
Registered in 0.001893 seconds.
Native extension for WindowsStandalone target not found
Native extension for Android target not found
Android Extension - Scanning For ADB Devices 188 ms
Refreshing native plugins compatible for Editor in 56.09 ms, found 3 plugins.
Preloading 0 native plugins for Editor in 0.00 ms.
Mono: successfully reloaded assembly
- Completed reload, in  0.628 seconds
Domain Reload Profiling:
	ReloadAssembly (629ms)
		BeginReloadAssembly (66ms)
			ExecutionOrderSort (0ms)
			DisableScriptedObjects (0ms)
			BackupInstance (0ms)
			ReleaseScriptingObjects (0ms)
			CreateAndSetChildDomain (0ms)
		EndReloadAssembly (501ms)
			LoadAssemblies (67ms)
			RebuildTransferFunctionScriptingTraits (0ms)
			SetupTypeCache (69ms)
			ReleaseScriptCaches (0ms)
			RebuildScriptCaches (18ms)
			SetupLoadedEditorAssemblies (381ms)
				LogAssemblyErrors (0ms)
				InitializePlatformSupportModulesInManaged (233ms)
				SetLoadedEditorAssemblies (0ms)
				RefreshPlugins (56ms)
				BeforeProcessingInitializeOnLoad (1ms)
				ProcessInitializeOnLoadAttributes (62ms)
				ProcessInitializeOnLoadMethodAttributes (29ms)
				AfterProcessingInitializeOnLoad (0ms)
				EditorAssembliesLoaded (0ms)
			ExecutionOrderSort2 (0ms)
			AwakeInstancesAfterBackupRestoration (0ms)
Platform modules already initialized, skipping
Registering precompiled user dll's ...
Registered in 0.003833 seconds.
Begin MonoManager ReloadAssembly
Symbol file LoadedFromMemory doesn't match image D:\AllUnity\ShoolGame\Library\PackageCache\com.unity.visualscripting@1.8.0\Editor\VisualScripting.Core\Dependencies\YamlDotNet\Unity.VisualScripting.YamlDotNet.dll
Symbol file LoadedFromMemory doesn't match image D:\AllUnity\ShoolGame\Library\PackageCache\com.unity.visualscripting@1.8.0\Editor\VisualScripting.Core\Dependencies\DotNetZip\Unity.VisualScripting.IonicZip.dll
Native extension for WindowsStandalone target not found
Native extension for Android target not found
Refreshing native plugins compatible for Editor in 57.36 ms, found 3 plugins.
Preloading 0 native plugins for Editor in 0.00 ms.
Mono: successfully reloaded assembly
- Completed reload, in  0.782 seconds
Domain Reload Profiling:
	ReloadAssembly (782ms)
		BeginReloadAssembly (89ms)
			ExecutionOrderSort (0ms)
			DisableScriptedObjects (4ms)
			BackupInstance (0ms)
			ReleaseScriptingObjects (0ms)
			CreateAndSetChildDomain (15ms)
		EndReloadAssembly (624ms)
			LoadAssemblies (72ms)
			RebuildTransferFunctionScriptingTraits (0ms)
			SetupTypeCache (168ms)
			ReleaseScriptCaches (0ms)
			RebuildScriptCaches (32ms)
			SetupLoadedEditorAssemblies (337ms)
				LogAssemblyErrors (0ms)
				InitializePlatformSupportModulesInManaged (12ms)
				SetLoadedEditorAssemblies (0ms)
				RefreshPlugins (57ms)
				BeforeProcessingInitializeOnLoad (56ms)
				ProcessInitializeOnLoadAttributes (198ms)
				ProcessInitializeOnLoadMethodAttributes (12ms)
				AfterProcessingInitializeOnLoad (3ms)
				EditorAssembliesLoaded (0ms)
			ExecutionOrderSort2 (0ms)
			AwakeInstancesAfterBackupRestoration (4ms)
Platform modules already initialized, skipping
========================================================================
Worker process is ready to serve import requests
Launched and connected shader compiler UnityShaderCompiler.exe after 0.04 seconds
Refreshing native plugins compatible for Editor in 1.04 ms, found 3 plugins.
Preloading 0 native plugins for Editor in 0.00 ms.
Unloading 3282 Unused Serialized files (Serialized files now loaded: 0)
Unloading 45 unused Assets / (0.6 MB). Loaded Objects now: 3770.
Memory consumption went from 138.2 MB to 137.6 MB.
Total: 4.154700 ms (FindLiveObjects: 0.420700 ms CreateObjectMapping: 0.109300 ms MarkObjects: 3.362800 ms  DeleteObjects: 0.260700 ms)

AssetImportParameters requested are different than current active one (requested -> active):
  custom:video-decoder-ogg-theora: a1e56fd34408186e4bbccfd4996cb3dc -> 
  custom:container-muxer-webm: aa71ff27fc2769a1b78a27578f13a17b -> 
  custom:container-demuxer-webm: 4f35f7cbe854078d1ac9338744f61a02 -> 
  custom:video-encoder-webm-vp8: eb34c28f22e8b96e1ab97ce403110664 -> 
  custom:video-codec-MediaFoundation-h265: 746d11721c4dcdbdad8f713fa42b33f4 -> 
  custom:audio-encoder-webm-vorbis: bf7c407c2cedff20999df2af8eb42d56 -> 
  custom:framework-win-MediaFoundation: 216162199b28c13a410421893ffa2e32 -> 
  custom:container-demuxer-ogg: 62fdf1f143b41e24485cea50d1cbac27 -> 
  custom:video-decoder-webm-vp8: 9c59270c3fd7afecdb556c50c9e8de78 -> 
  custom:audio-decoder-ogg-vorbis: bf7c407c2cedff20999df2af8eb42d56 -> 
========================================================================
Received Prepare
Registering precompiled user dll's ...
Registered in 0.003355 seconds.
Begin MonoManager ReloadAssembly
Symbol file LoadedFromMemory doesn't match image D:\AllUnity\ShoolGame\Library\PackageCache\com.unity.visualscripting@1.8.0\Editor\VisualScripting.Core\Dependencies\YamlDotNet\Unity.VisualScripting.YamlDotNet.dll
Symbol file LoadedFromMemory doesn't match image D:\AllUnity\ShoolGame\Library\PackageCache\com.unity.visualscripting@1.8.0\Editor\VisualScripting.Core\Dependencies\DotNetZip\Unity.VisualScripting.IonicZip.dll
Native extension for WindowsStandalone target not found
Native extension for Android target not found
Refreshing native plugins compatible for Editor in 0.58 ms, found 3 plugins.
Preloading 0 native plugins for Editor in 0.00 ms.
Mono: successfully reloaded assembly
- Completed reload, in  0.805 seconds
Domain Reload Profiling:
	ReloadAssembly (805ms)
		BeginReloadAssembly (131ms)
			ExecutionOrderSort (0ms)
			DisableScriptedObjects (4ms)
			BackupInstance (0ms)
			ReleaseScriptingObjects (0ms)
			CreateAndSetChildDomain (34ms)
		EndReloadAssembly (610ms)
			LoadAssemblies (83ms)
			RebuildTransferFunctionScriptingTraits (0ms)
			SetupTypeCache (199ms)
			ReleaseScriptCaches (1ms)
			RebuildScriptCaches (34ms)
			SetupLoadedEditorAssemblies (280ms)
				LogAssemblyErrors (0ms)
				InitializePlatformSupportModulesInManaged (13ms)
				SetLoadedEditorAssemblies (0ms)
				RefreshPlugins (1ms)
				BeforeProcessingInitializeOnLoad (44ms)
				ProcessInitializeOnLoadAttributes (205ms)
				ProcessInitializeOnLoadMethodAttributes (15ms)
				AfterProcessingInitializeOnLoad (2ms)
				EditorAssembliesLoaded (0ms)
			ExecutionOrderSort2 (0ms)
			AwakeInstancesAfterBackupRestoration (4ms)
Platform modules already initialized, skipping
Refreshing native plugins compatible for Editor in 1.51 ms, found 3 plugins.
Preloading 0 native plugins for Editor in 0.00 ms.
Unloading 3228 Unused Serialized files (Serialized files now loaded: 0)
Unloading 28 unused Assets / (0.6 MB). Loaded Objects now: 3773.
Memory consumption went from 133.0 MB to 132.4 MB.
Total: 3.338200 ms (FindLiveObjects: 0.317600 ms CreateObjectMapping: 0.099900 ms MarkObjects: 2.754100 ms  DeleteObjects: 0.165900 ms)

AssetImportParameters requested are different than current active one (requested -> active):
  custom:video-decoder-ogg-theora: a1e56fd34408186e4bbccfd4996cb3dc -> 
  custom:container-muxer-webm: aa71ff27fc2769a1b78a27578f13a17b -> 
  custom:container-demuxer-webm: 4f35f7cbe854078d1ac9338744f61a02 -> 
  custom:video-encoder-webm-vp8: eb34c28f22e8b96e1ab97ce403110664 -> 
  custom:video-codec-MediaFoundation-h265: 746d11721c4dcdbdad8f713fa42b33f4 -> 
  custom:audio-encoder-webm-vorbis: bf7c407c2cedff20999df2af8eb42d56 -> 
  custom:framework-win-MediaFoundation: 216162199b28c13a410421893ffa2e32 -> 
  custom:container-demuxer-ogg: 62fdf1f143b41e24485cea50d1cbac27 -> 
  custom:video-decoder-webm-vp8: 9c59270c3fd7afecdb556c50c9e8de78 -> 
  custom:audio-decoder-ogg-vorbis: bf7c407c2cedff20999df2af8eb42d56 -> 
========================================================================
Received Import Request.
  Time since last request: 18241.699569 seconds.
  path: Assets/Models/WalkWithDogFolder/ParkFolder/FenceForSteps.png
  artifactKey: Guid(53a21bc39a2261f43bc08e97e15feef2) Importer(815301076,1909f56bfc062723c751e8b465ee728b)
Start importing Assets/Models/WalkWithDogFolder/ParkFolder/FenceForSteps.png using Guid(53a21bc39a2261f43bc08e97e15feef2) Importer(815301076,1909f56bfc062723c751e8b465ee728b)  -> (artifact id: 'bc0e4e20fc42c0a6b19465f0d09ae0e9') in 0.071037 seconds 
========================================================================
Received Import Request.
  Time since last request: 18.147393 seconds.
  path: Assets/Models/WalkWithDogFolder/ParkFolder/FenceForSteps.png
  artifactKey: Guid(53a21bc39a2261f43bc08e97e15feef2) Importer(815301076,1909f56bfc062723c751e8b465ee728b)
Start importing Assets/Models/WalkWithDogFolder/ParkFolder/FenceForSteps.png using Guid(53a21bc39a2261f43bc08e97e15feef2) Importer(815301076,1909f56bfc062723c751e8b465ee728b)  -> (artifact id: '0098320cbdda8557105d6cc191ca89af') in 0.005724 seconds 
========================================================================
Received Import Request.
  Time since last request: 6.102938 seconds.
  path: Assets/Models/WalkWithDogFolder/ParkFolder/FenceForSteps.png
  artifactKey: Guid(53a21bc39a2261f43bc08e97e15feef2) Importer(815301076,1909f56bfc062723c751e8b465ee728b)
Start importing Assets/Models/WalkWithDogFolder/ParkFolder/FenceForSteps.png using Guid(53a21bc39a2261f43bc08e97e15feef2) Importer(815301076,1909f56bfc062723c751e8b465ee728b)  -> (artifact id: 'b788868b3b7f061a1f4feb9fd5a403a0') in 0.133618 seconds 
========================================================================
Received Import Request.
  Time since last request: 4.655120 seconds.
  path: Assets/Models/WalkWithDogFolder/ParkFolder/FenceForSteps.png
  artifactKey: Guid(53a21bc39a2261f43bc08e97e15feef2) Importer(815301076,1909f56bfc062723c751e8b465ee728b)
Start importing Assets/Models/WalkWithDogFolder/ParkFolder/FenceForSteps.png using Guid(53a21bc39a2261f43bc08e97e15feef2) Importer(815301076,1909f56bfc062723c751e8b465ee728b)  -> (artifact id: '85f940ea9d3ee80b4f148ed15802a701') in 0.018642 seconds 
========================================================================
Received Import Request.
  Time since last request: 0.000015 seconds.
  path: Assets/Models/WalkWithDogFolder/ParkFolder/WalkWithDog.blend
  artifactKey: Guid(836e1a0b1fd571a4aa723ba50c376bf5) Importer(815301076,1909f56bfc062723c751e8b465ee728b)
Start importing Assets/Models/WalkWithDogFolder/ParkFolder/WalkWithDog.blend using Guid(836e1a0b1fd571a4aa723ba50c376bf5) Importer(815301076,1909f56bfc062723c751e8b465ee728b)  -> (artifact id: 'd6e517a6c990c6fe9676d55d3c51baaf') in 0.139373 seconds 
========================================================================
Received Import Request.
  Time since last request: 14.975234 seconds.
  path: Assets/Models/WalkWithDogFolder/ParkFolder/FenceForSteps.png
  artifactKey: Guid(53a21bc39a2261f43bc08e97e15feef2) Importer(815301076,1909f56bfc062723c751e8b465ee728b)
Start importing Assets/Models/WalkWithDogFolder/ParkFolder/FenceForSteps.png using Guid(53a21bc39a2261f43bc08e97e15feef2) Importer(815301076,1909f56bfc062723c751e8b465ee728b)  -> (artifact id: '811d4f5cc623f1bd25df5463320c2ed8') in 0.011445 seconds 
========================================================================
Received Import Request.
  Time since last request: 3.387031 seconds.
  path: Assets/Models/WalkWithDogFolder/ParkFolder/FenceForSteps.png
  artifactKey: Guid(53a21bc39a2261f43bc08e97e15feef2) Importer(815301076,1909f56bfc062723c751e8b465ee728b)
Start importing Assets/Models/WalkWithDogFolder/ParkFolder/FenceForSteps.png using Guid(53a21bc39a2261f43bc08e97e15feef2) Importer(815301076,1909f56bfc062723c751e8b465ee728b)  -> (artifact id: '662fe2895b34a13dc97d506eb095640c') in 0.007813 seconds 
========================================================================
Received Import Request.
  Time since last request: 55.813057 seconds.
  path: Assets/Models/WalkWithDogFolder/ParkFolder/Sprite-00011.png
  artifactKey: Guid(c694f939fd6e63c46b01d44e9940af5f) Importer(815301076,1909f56bfc062723c751e8b465ee728b)
Start importing Assets/Models/WalkWithDogFolder/ParkFolder/Sprite-00011.png using Guid(c694f939fd6e63c46b01d44e9940af5f) Importer(815301076,1909f56bfc062723c751e8b465ee728b)  -> (artifact id: '8418c0ce2c60e2bdea3efe1682839bb6') in 0.019086 seconds 
========================================================================
Received Import Request.
  Time since last request: 17.111256 seconds.
  path: Assets/Models/WalkWithDogFolder/ParkFolder/Sprite-0001.png
  artifactKey: Guid(eb6e957bbb0da254b8718b1f2698d53c) Importer(815301076,1909f56bfc062723c751e8b465ee728b)
Start importing Assets/Models/WalkWithDogFolder/ParkFolder/Sprite-0001.png using Guid(eb6e957bbb0da254b8718b1f2698d53c) Importer(815301076,1909f56bfc062723c751e8b465ee728b)  -> (artifact id: 'f99627ca14057f661685681597fd63ef') in 0.013603 seconds 
========================================================================
Received Import Request.
  Time since last request: 0.000015 seconds.
  path: Assets/Models/WalkWithDogFolder/ParkFolder/WalkWithDog.blend
  artifactKey: Guid(836e1a0b1fd571a4aa723ba50c376bf5) Importer(815301076,1909f56bfc062723c751e8b465ee728b)
Start importing Assets/Models/WalkWithDogFolder/ParkFolder/WalkWithDog.blend using Guid(836e1a0b1fd571a4aa723ba50c376bf5) Importer(815301076,1909f56bfc062723c751e8b465ee728b)  -> (artifact id: '9bfad23a0419860b9b090a0c2135adf1') in 0.148829 seconds 
========================================================================
Received Import Request.
  Time since last request: 303.219491 seconds.
  path: Assets/Models/WalkWithDogFolder/ParkFolder/FenceForSteps.png
  artifactKey: Guid(53a21bc39a2261f43bc08e97e15feef2) Importer(815301076,1909f56bfc062723c751e8b465ee728b)
Start importing Assets/Models/WalkWithDogFolder/ParkFolder/FenceForSteps.png using Guid(53a21bc39a2261f43bc08e97e15feef2) Importer(815301076,1909f56bfc062723c751e8b465ee728b)  -> (artifact id: 'b9800bcd9f8285b6734a590d3d30d9de') in 0.027507 seconds 
========================================================================
Received Import Request.
  Time since last request: 1604.262706 seconds.
  path: Assets/Models/WalkWithDogFolder/ParkFolder/WalkWithDog.blend
  artifactKey: Guid(836e1a0b1fd571a4aa723ba50c376bf5) Importer(815301076,1909f56bfc062723c751e8b465ee728b)
Start importing Assets/Models/WalkWithDogFolder/ParkFolder/WalkWithDog.blend using Guid(836e1a0b1fd571a4aa723ba50c376bf5) Importer(815301076,1909f56bfc062723c751e8b465ee728b)  -> (artifact id: 'a79c7fc765506b21b14920f6a0ed94f7') in 0.121712 seconds 
